Executing <Task pending name='PipelineWorker#0::_process_push_queue' coro=<TaskManager.create_task.<locals>.run_coroutine() running at /private/tmp/pipecat-silence-draft-4ffc5a9/src/pipecat/utils/asyncio/task_manager.py:191> wait_for=<Future pending cb=[Task.task_wakeup()] created at /Users/korinne/.local/share/uv/python/cpython-3.14.7-macos-aarch64-none/lib/python3.14/asyncio/base_events.py:460> cb=[TaskManager.create_task.<locals>.close_unawaited_coroutine() at /private/tmp/pipecat-silence-draft-4ffc5a9/src/pipecat/utils/asyncio/task_manager.py:204, TaskManager._task_done_handler()] created at /private/tmp/pipecat-silence-draft-4ffc5a9/src/pipecat/utils/asyncio/task_manager.py:201> took 0.134 seconds
Executing <Task pending name='WorkersTTSService#4::__process_frame_task_handler' coro=<TaskManager.create_task.<locals>.run_coroutine() running at /private/tmp/pipecat-silence-draft-4ffc5a9/src/pipecat/utils/asyncio/task_manager.py:191> cb=[TaskManager.create_task.<locals>.close_unawaited_coroutine() at /private/tmp/pipecat-silence-draft-4ffc5a9/src/pipecat/utils/asyncio/task_manager.py:204, TaskManager._task_done_handler()] created at /private/tmp/pipecat-silence-draft-4ffc5a9/src/pipecat/utils/asyncio/task_manager.py:201> took 0.799 seconds
2026-10-04 22:36:06.461 | ERROR    | pipecat.processors.frame_processor:push_error_frame:1001 - PersistedAssistantAggregator#4 exception (/private/tmp/pipecat-silence-draft-4ffc5a9/src/conversation.py:223): Error processing frame: Conversation history could not be saved
2026-10-04 22:36:06.493 | ERROR    | pipecat.processors.frame_processor:push_error_frame:1001 - PersistedAssistantAggregator#4 exception (/private/tmp/pipecat-silence-draft-4ffc5a9/src/conversation.py:167): Error processing frame: Conversation history was not saved
2026-10-04 22:36:10.003 | ERROR    | pipecat.processors.frame_processor:push_error_frame:1001 - PersistedAssistantAggregator#6 exception (/private/tmp/pipecat-silence-draft-4ffc5a9/src/conversation.py:223): Error processing frame: Conversation history could not be saved
2026-10-04 22:36:10.013 | ERROR    | pipecat.processors.frame_processor:push_error_frame:1001 - PersistedAssistantAggregator#6 exception (/private/tmp/pipecat-silence-draft-4ffc5a9/src/conversation.py:167): Error processing frame: Conversation history was not saved
Executing <Task pending name='WorkersOutputTransport#17::_audio_task_handler' coro=<TaskManager.create_task.<locals>.run_coroutine() running at /private/tmp/pipecat-silence-draft-4ffc5a9/src/pipecat/utils/asyncio/task_manager.py:191> wait_for=<Future pending cb=[Task.task_wakeup()] created at /Users/korinne/.local/share/uv/python/cpython-3.14.7-macos-aarch64-none/lib/python3.14/asyncio/base_events.py:460> cb=[TaskManager.create_task.<locals>.close_unawaited_coroutine() at /private/tmp/pipecat-silence-draft-4ffc5a9/src/pipecat/utils/asyncio/task_manager.py:204, TaskManager._task_done_handler()] created at /private/tmp/pipecat-silence-draft-4ffc5a9/src/pipecat/utils/asyncio/task_manager.py:201> took 0.398 seconds
Executing <Task pending name='PersistedAssistantAggregator#40::__input_frame_task_handler' coro=<TaskManager.create_task.<locals>.run_coroutine() running at /private/tmp/pipecat-silence-draft-4ffc5a9/src/pipecat/utils/asyncio/task_manager.py:191> wait_for=<Future pending cb=[Task.task_wakeup()] created at /Users/korinne/.local/share/uv/python/cpython-3.14.7-macos-aarch64-none/lib/python3.14/asyncio/base_events.py:460> cb=[TaskManager.create_task.<locals>.close_unawaited_coroutine() at /private/tmp/pipecat-silence-draft-4ffc5a9/src/pipecat/utils/asyncio/task_manager.py:204, TaskManager._task_done_handler()] created at /private/tmp/pipecat-silence-draft-4ffc5a9/src/pipecat/utils/asyncio/task_manager.py:201> took 0.122 seconds
Executing <Task pending name='PersistedAssistantAggregator#84::__input_frame_task_handler' coro=<TaskManager.create_task.<locals>.run_coroutine() running at /private/tmp/pipecat-silence-draft-4ffc5a9/src/pipecat/utils/asyncio/task_manager.py:191> wait_for=<Future pending cb=[Task.task_wakeup()] created at /Users/korinne/.local/share/uv/python/cpython-3.14.7-macos-aarch64-none/lib/python3.14/asyncio/base_events.py:460> cb=[TaskManager.create_task.<locals>.close_unawaited_coroutine() at /private/tmp/pipecat-silence-draft-4ffc5a9/src/pipecat/utils/asyncio/task_manager.py:204, TaskManager._task_done_handler()] created at /private/tmp/pipecat-silence-draft-4ffc5a9/src/pipecat/utils/asyncio/task_manager.py:201> took 0.115 seconds
Executing <Task pending name='WorkersTTSService#84::_audio_context_task_handler' coro=<TaskManager.create_task.<locals>.run_coroutine() running at /private/tmp/pipecat-silence-draft-4ffc5a9/src/pipecat/utils/asyncio/task_manager.py:191> wait_for=<Future pending cb=[Task.task_wakeup()] created at /Users/korinne/.local/share/uv/python/cpython-3.14.7-macos-aarch64-none/lib/python3.14/asyncio/base_events.py:460> cb=[TaskManager.create_task.<locals>.close_unawaited_coroutine() at /private/tmp/pipecat-silence-draft-4ffc5a9/src/pipecat/utils/asyncio/task_manager.py:204, TaskManager._task_done_handler()] created at /private/tmp/pipecat-silence-draft-4ffc5a9/src/pipecat/utils/asyncio/task_manager.py:201> took 0.607 seconds
Executing <Task pending name='WorkersOutputTransport#84::_audio_task_handler' coro=<TaskManager.create_task.<locals>.run_coroutine() running at /private/tmp/pipecat-silence-draft-4ffc5a9/src/pipecat/utils/asyncio/task_manager.py:191> cb=[TaskManager.create_task.<locals>.close_unawaited_coroutine() at /private/tmp/pipecat-silence-draft-4ffc5a9/src/pipecat/utils/asyncio/task_manager.py:204, TaskManager._task_done_handler()] created at /private/tmp/pipecat-silence-draft-4ffc5a9/src/pipecat/utils/asyncio/task_manager.py:201> took 0.199 seconds
======================================================================
FAIL: test_final_retry_drains_result_that_settles_during_session_inspection (test_sfu_transport.SfuTransportTests.test_final_retry_drains_result_that_settles_during_session_inspection)
----------------------------------------------------------------------
Traceback (most recent call last):
  File "/Users/korinne/.local/share/uv/python/cpython-3.14.7-macos-aarch64-none/lib/python3.14/asyncio/runners.py", line 128, in run
    return self._loop.run_until_complete(task)
           ~~~~~~~~~~~~~~~~~~~~~~~~~~~~~^^^^^^
  File "/Users/korinne/.local/share/uv/python/cpython-3.14.7-macos-aarch64-none/lib/python3.14/asyncio/base_events.py", line 720, in run_until_complete
    return future.result()
           ~~~~~~~~~~~~~^^
  File "/private/tmp/pipecat-silence-draft-4ffc5a9/tests/test_sfu_transport.py", line 420, in test_final_retry_drains_result_that_settles_during_session_inspection
    self.assertEqual(self.transport.adapters, {})
    ~~~~~~~~~~~~~~~~^^^^^^^^^^^^^^^^^^^^^^^^^^^^^
AssertionError: {'owned-adapter': ('output', 1)} != {}
- {'owned-adapter': ('output', 1)}
+ {}

----------------------------------------------------------------------
Ran 180 tests in 65.858s

FAILED (failures=1)
