TAP version 13
# Subtest: diagnostics export accepts known values and drops credentials, text and resource IDs
ok 1 - diagnostics export accepts known values and drops credentials, text and resource IDs
  ---
  duration_ms: 6.234917
  ...
# Subtest: malformed fields and excessive event history cannot escape the allowlist
ok 2 - malformed fields and excessive event history cannot escape the allowlist
  ---
  duration_ms: 6.021375
  ...
# Subtest: missing speech onset remains identifiable in a shared report
ok 3 - missing speech onset remains identifiable in a shared report
  ---
  duration_ms: 1.723583
  ...
# Subtest: every generic speech-turn abort reason survives the shared report
not ok 4 - every generic speech-turn abort reason survives the shared report
  ---
  duration_ms: 8.124333
  location: '/private/tmp/pipecat-export-diagnostics.Lk1WVY/public/session-measurements.test.mjs:36:1'
  failureType: 'testCodeFailure'
  error: |-
    Expected values to be strictly deep-equal:
    + actual - expected ... Lines skipped
    
      [
        {
    ...
        {
          event: 'turn_discarded'
    +   },
    +   {
    +     event: 'turn_discarded'
    +   },
    +   {
    +     event: 'turn_discarded'
    +   },
    +   {
    +     event: 'turn_discarded'
    -     reason: 'transcript_beyond_pause'
    -   },
    -   {
    -     event: 'turn_discarded',
    -     reason: 'pause_audio_unavailable'
    -   },
    -   {
    -     event: 'turn_discarded',
    -     reason: 'detector_busy'
    -   },
    -   {
    -     event: 'turn_discarded',
    -     reason: 'smart_turn_failed'
        },
    ...
          reason: 'pipecat_turn_closed'
        }
      ]
  code: 'ERR_ASSERTION'
  name: 'AssertionError'
  expected:
    0:
      event: 'turn_discarded'
      reason: 'invalid_nova_event'
    1:
      event: 'turn_discarded'
      reason: 'transcript_beyond_pause'
    2:
      event: 'turn_discarded'
      reason: 'pause_audio_unavailable'
    3:
      event: 'turn_discarded'
      reason: 'detector_busy'
    4:
      event: 'turn_discarded'
      reason: 'smart_turn_failed'
    5:
      event: 'turn_discarded'
      reason: 'turn_readiness_timeout'
    6:
      event: 'turn_discarded'
      reason: 'pipecat_turn_closed'
  actual:
    0:
      event: 'turn_discarded'
      reason: 'invalid_nova_event'
    1:
      event: 'turn_discarded'
    2:
      event: 'turn_discarded'
    3:
      event: 'turn_discarded'
    4:
      event: 'turn_discarded'
    5:
      event: 'turn_discarded'
      reason: 'turn_readiness_timeout'
    6:
      event: 'turn_discarded'
      reason: 'pipecat_turn_closed'
  operator: 'deepStrictEqual'
  stack: |-
    TestContext.<anonymous> (file:///private/tmp/pipecat-export-diagnostics.Lk1WVY/public/session-measurements.test.mjs:40:10)
    Test.runInAsyncScope (node:async_hooks:211:14)
    Test.run (node:internal/test_runner/test:878:25)
    Test.processPendingSubtests (node:internal/test_runner/test:590:18)
    Test.postRun (node:internal/test_runner/test:974:19)
    Test.run (node:internal/test_runner/test:917:12)
    async Test.processPendingSubtests (node:internal/test_runner/test:590:7)
  ...
# Subtest: abort diagnostics preserve only known reasons and numeric fields
not ok 5 - abort diagnostics preserve only known reasons and numeric fields
  ---
  duration_ms: 1.583292
  location: '/private/tmp/pipecat-export-diagnostics.Lk1WVY/public/session-measurements.test.mjs:43:1'
  failureType: 'testCodeFailure'
  error: |-
    Expected values to be strictly deep-equal:
    + actual - expected ... Lines skipped
    
      [
        {
          elapsed_ms: 150,
          event: 'turn_discarded',
    -     reason: 'smart_turn_failed',
          revision: 3
    ...
          event: 'turn_discarded'
        }
      ]
  code: 'ERR_ASSERTION'
  name: 'AssertionError'
  expected:
    0:
      event: 'turn_discarded'
      elapsed_ms: 150
      revision: 3
      reason: 'smart_turn_failed'
    1:
      event: 'turn_discarded'
    2:
      event: 'turn_discarded'
  actual:
    0:
      event: 'turn_discarded'
      elapsed_ms: 150
      revision: 3
    1:
      event: 'turn_discarded'
    2:
      event: 'turn_discarded'
  operator: 'deepStrictEqual'
  stack: |-
    TestContext.<anonymous> (file:///private/tmp/pipecat-export-diagnostics.Lk1WVY/public/session-measurements.test.mjs:50:10)
    Test.runInAsyncScope (node:async_hooks:211:14)
    Test.run (node:internal/test_runner/test:878:25)
    Test.processPendingSubtests (node:internal/test_runner/test:590:18)
    Test.postRun (node:internal/test_runner/test:974:19)
    Test.run (node:internal/test_runner/test:917:12)
    async Test.processPendingSubtests (node:internal/test_runner/test:590:7)
  ...
# Subtest: abort history is capped at the latest 500 events
not ok 6 - abort history is capped at the latest 500 events
  ---
  duration_ms: 21.586083
  location: '/private/tmp/pipecat-export-diagnostics.Lk1WVY/public/session-measurements.test.mjs:57:1'
  failureType: 'testCodeFailure'
  error: |-
    The expression evaluated to a falsy value:
    
      assert.ok(report.events.every(event=>event.reason==='smart_turn_failed'))
    
  code: 'ERR_ASSERTION'
  name: 'AssertionError'
  expected: true
  actual: false
  operator: '=='
  stack: |-
    TestContext.<anonymous> (file:///private/tmp/pipecat-export-diagnostics.Lk1WVY/public/session-measurements.test.mjs:65:10)
    Test.runInAsyncScope (node:async_hooks:211:14)
    Test.run (node:internal/test_runner/test:878:25)
    Test.processPendingSubtests (node:internal/test_runner/test:590:18)
    Test.postRun (node:internal/test_runner/test:974:19)
    Test.run (node:internal/test_runner/test:917:12)
    async Test.processPendingSubtests (node:internal/test_runner/test:590:7)
  ...
1..6
# tests 6
# suites 0
# pass 3
# fail 3
# cancelled 0
# skipped 0
# todo 0
# duration_ms 322.753958
